e49HDdxTqL7dZya -> aZy4TLHxqded9D7
d10i68x86f4dfN2 -> 2Nx0id84f6d168f,x8f02fd4iN661d8
PERMISSION_GRANTED
PERMISSION_GRANTED
OPERATION_NOT_PERMITTED
PERMISSION_GRANTED
OPERATION_NOT_PERMITTED
TOKEN_EXPIRED
REQUEST_DENIED
PERMISSION_GRANTED
OPERATION_NOT_PERMITTED
808fd664dxN1if2 -> d8xf4fid6860N21,x40d8if866fdN12
PERMISSION_GRANTED
OPERATION_NOT_PERMITTED
OPERATION_NOT_PERMITTED
PERMISSION_GRANTED
