BEGIN 74xaLqdTDdHZ9ey AUTHZ
  RequestToken = e49HDdxTqL7dZya
  AccessToken = aZy4TLHxqded9D7
BEGIN f80N46i82fdx61d AUTHZ
  RequestToken = d10i68x86f4dfN2
  AccessToken = 2Nx0id84f6d168f
  RefreshToken = x8f02fd4iN661d8
PERMIT (READ,Applications,2Nx0id84f6d168f,1)
PERMIT (EXECUTE,Applications,2Nx0id84f6d168f,0)
BEGIN f80N46i82fdx61d AUTHZ REFRESH
  AccessToken = fx62d1i88fN60d4
  RefreshToken = fid26d8f610xN48
DENY (DELETE,Applications,fx62d1i88fN60d4,1)
PERMIT (READ,Preferences,aZy4TLHxqded9D7,1)
DENY (MODIFY,Preferences,aZy4TLHxqded9D7,0)
DENY (MODIFY,UserData,,0)
BEGIN 74xaLqdTDdHZ9ey AUTHZ
  RequestToken = Dqdyd49HLaZ7Tex
PERMIT (INSERT,Files,fx62d1i88fN60d4,0)
BEGIN f80N46i82fdx61d AUTHZ REFRESH
  AccessToken = 8042d6f8fiN1d6x
  RefreshToken = 42d16x8difN6f08
DENY (INSERT,Applications,8042d6f8fiN1d6x,1)
BEGIN f80N46i82fdx61d AUTHZ
  RequestToken = 808fd664dxN1if2
  AccessToken = d8xf4fid6860N21
  RefreshToken = x40d8if866fdN12
PERMIT (INSERT,Applications,d8xf4fid6860N21,1)
DENY (DELETE,Files,d8xf4fid6860N21,0)
BEGIN f80N46i82fdx61d AUTHZ REFRESH
  AccessToken = d6x80i241f6Ndf8
  RefreshToken = 8f6i61dN804fd2x
DENY (EXECUTE,Applications,d6x80i241f6Ndf8,1)
PERMIT (DELETE,Applications,d6x80i241f6Ndf8,0)
