e49HDdxTqL7dZya -> aZy4TLHxqded9D7
d10i68x86f4dfN2 -> 2Nx0id84f6d168f,x8f02fd4iN661d8
PERMISSION_GRANTED
PERMISSION_GRANTED
OPERATION_NOT_PERMITTED
PERMISSION_GRANTED
OPERATION_NOT_PERMITTED
OPERATION_NOT_PERMITTED
REQUEST_DENIED
PERMISSION_GRANTED
OPERATION_NOT_PERMITTED
dd1N028if86f64x -> 1N0f2xd68f648di,60Nf6x82i4fdd18
PERMISSION_GRANTED
OPERATION_NOT_PERMITTED
OPERATION_NOT_PERMITTED
OPERATION_NOT_PERMITTED
