v53teNBmWTXjUd0 -> 0Ud5mTtBWNvj3eX
dvBj3mU5WXTtN0e -> e0UBjdmTXWtv35N
REQUEST_DENIED
USER_NOT_FOUND
6fx4i628d0fdN18 -> 62i4x180d6Nff8d
