BEGIN X5B0TWjmeNtU3vd AUTHZ
  RequestToken = v53teNBmWTXjUd0
  AccessToken = 0Ud5mTtBWNvj3eX
BEGIN X5B0TWjmeNtU3vd AUTHZ
  RequestToken = dvBj3mU5WXTtN0e
  AccessToken = e0UBjdmTXWtv35N
BEGIN QHmJh2xwErPDcmv AUTHZ
  RequestToken = mxvJQE2whHrcDPm
BEGIN 111111111111111 AUTHZ
BEGIN f80N46i82fdx61d AUTHZ
  RequestToken = 6fx4i628d0fdN18
  AccessToken = 62i4x180d6Nff8d
